
Memory Configuration

Name             Origin             Length             Attributes
SRAM             0x0000000020041f00 0x00000000000000fc xr
*default*        0x0000000000000000 0xffffffffffffffff

Linker script and memory map

                0x0000000020041f00                . = ORIGIN (SRAM)

.text           0x0000000020041f00        0x0
 *(.entry)
 *(.text)
 .text          0x0000000020041f00        0x0 build/o.o
LOAD build/o.o
START GROUP
LOAD /Applications/ArmGNUToolchain/11.3.rel1/arm-none-eabi/bin/../lib/gcc/arm-none-eabi/11.3.1/thumb/v6-m/nofp/libgcc.a
LOAD /Applications/ArmGNUToolchain/11.3.rel1/arm-none-eabi/bin/../lib/gcc/arm-none-eabi/11.3.1/../../../../arm-none-eabi/lib/thumb/v6-m/nofp/libc.a
END GROUP
START GROUP
LOAD /Applications/ArmGNUToolchain/11.3.rel1/arm-none-eabi/bin/../lib/gcc/arm-none-eabi/11.3.1/thumb/v6-m/nofp/libgcc.a
LOAD /Applications/ArmGNUToolchain/11.3.rel1/arm-none-eabi/bin/../lib/gcc/arm-none-eabi/11.3.1/../../../../arm-none-eabi/lib/thumb/v6-m/nofp/libc.a
LOAD /Applications/ArmGNUToolchain/11.3.rel1/arm-none-eabi/bin/../lib/gcc/arm-none-eabi/11.3.1/../../../../arm-none-eabi/lib/thumb/v6-m/nofp/libnosys.a
END GROUP
OUTPUT(build/o elf32-littlearm)
LOAD linker stubs

.data           0x0000000020041f00        0x0
 .data          0x0000000020041f00        0x0 build/o.o

.data.pin25     0x0000000020041f00        0x4
 .data.pin25    0x0000000020041f00        0x4 build/o.o
                0x0000000020041f00                pin25

.igot.plt       0x0000000020041f04        0x0
 .igot.plt      0x0000000020041f04        0x0 build/o.o

.glue_7         0x0000000020041f04        0x0
 .glue_7        0x0000000020041f04        0x0 linker stubs

.glue_7t        0x0000000020041f04        0x0
 .glue_7t       0x0000000020041f04        0x0 linker stubs

.vfp11_veneer   0x0000000020041f04        0x0
 .vfp11_veneer  0x0000000020041f04        0x0 linker stubs

.v4_bx          0x0000000020041f04        0x0
 .v4_bx         0x0000000020041f04        0x0 linker stubs

.text.main      0x0000000020041f04       0xdc
 .text.main     0x0000000020041f04       0xdc build/o.o
                0x0000000020041f04                main

.iplt           0x0000000020041fe0        0x0
 .iplt          0x0000000020041fe0        0x0 build/o.o

.rel.dyn        0x0000000020041fe0        0x0
 .rel.iplt      0x0000000020041fe0        0x0 build/o.o

.bss            0x0000000020041fe0        0x0
 .bss           0x0000000020041fe0        0x0 build/o.o

.comment        0x0000000000000000       0x33
 .comment       0x0000000000000000       0x33 build/o.o
                                         0x34 (size before relaxing)

.ARM.attributes
                0x0000000000000000       0x2c
 .ARM.attributes
                0x0000000000000000       0x2c build/o.o
